============================================================
Starting individual commit process
Start time: 2026-09-27 10:50:43
PID: 28212
============================================================
Deletions: 0
Additions: 17
Modifications: 537
Total: 554 individual commits
============================================================

=== Phase 1: Deletions ===

=== Phase 2: Additions ===
  [0/554] A: "C\357\200\272UsersbambaAppDataLocalTempjarvis-pytestr-5zttgcsepytest-of-unknownpytest-0test_approved_command_genuine_0cmd_started_c"
  ADD FAILED "C\357\200\272UsersbambaAppDataLocalTempjarvis-pytestr-5zttgcsepytest-of-unknownpytest-0test_approved_command_genuine_0cmd_started_c": tgcsepytest-of-unknownpytest-0test_approved_command_genuine_0cmd_started_c"' did not match any files
  [0/554] A: "C\357\200\272UsersbambaAppDataLocalTempjarvis-pytestr-5zttgcsepytest-of-unknownpytest-0test_approved_note_enriched_no0cmd_started_d"
  ADD FAILED "C\357\200\272UsersbambaAppDataLocalTempjarvis-pytestr-5zttgcsepytest-of-unknownpytest-0test_approved_note_enriched_no0cmd_started_d": tgcsepytest-of-unknownpytest-0test_approved_note_enriched_no0cmd_started_d"' did not match any files
  [0/554] A: "C\357\200\272UsersbambaAppDataLocalTempjarvis-pytestr-e0_wjagipytest-of-unknownpytest-0test_approved_command_genuine_0cmd_started_c"
  ADD FAILED "C\357\200\272UsersbambaAppDataLocalTempjarvis-pytestr-e0_wjagipytest-of-unknownpytest-0test_approved_command_genuine_0cmd_started_c": wjagipytest-of-unknownpytest-0test_approved_command_genuine_0cmd_started_c"' did not match any files
  [0/554] A: "C\357\200\272UsersbambaAppDataLocalTempjarvis-pytestr-e0_wjagipytest-of-unknownpytest-0test_approved_note_enriched_no0cmd_started_d"
  ADD FAILED "C\357\200\272UsersbambaAppDataLocalTempjarvis-pytestr-e0_wjagipytest-of-unknownpytest-0test_approved_note_enriched_no0cmd_started_d": wjagipytest-of-unknownpytest-0test_approved_note_enriched_no0cmd_started_d"' did not match any files
  [0/554] A: "C\357\200\272UsersbambaAppDataLocalTempjarvis-pytestr-mnn6iw57pytest-of-unknownpytest-0test_approved_command_genuine_0cmd_started_c"
  ADD FAILED "C\357\200\272UsersbambaAppDataLocalTempjarvis-pytestr-mnn6iw57pytest-of-unknownpytest-0test_approved_command_genuine_0cmd_started_c": 6iw57pytest-of-unknownpytest-0test_approved_command_genuine_0cmd_started_c"' did not match any files
  [0/554] A: "C\357\200\272UsersbambaAppDataLocalTempjarvis-pytestr-mnn6iw57pytest-of-unknownpytest-0test_approved_note_enriched_no0cmd_started_d"
  ADD FAILED "C\357\200\272UsersbambaAppDataLocalTempjarvis-pytestr-mnn6iw57pytest-of-unknownpytest-0test_approved_note_enriched_no0cmd_started_d": 6iw57pytest-of-unknownpytest-0test_approved_note_enriched_no0cmd_started_d"' did not match any files
  [0/554] A: "C\357\200\272UsersbambaAppDataLocalTempjarvis-pytestr-zplzt3l5pytest-of-unknownpytest-0test_approved_command_genuine_0cmd_started_c"
  ADD FAILED "C\357\200\272UsersbambaAppDataLocalTempjarvis-pytestr-zplzt3l5pytest-of-unknownpytest-0test_approved_command_genuine_0cmd_started_c": zt3l5pytest-of-unknownpytest-0test_approved_command_genuine_0cmd_started_c"' did not match any files
  [0/554] A: "C\357\200\272UsersbambaAppDataLocalTempjarvis-pytestr-zplzt3l5pytest-of-unknownpytest-0test_approved_note_enriched_no0cmd_started_d"
  ADD FAILED "C\357\200\272UsersbambaAppDataLocalTempjarvis-pytestr-zplzt3l5pytest-of-unknownpytest-0test_approved_note_enriched_no0cmd_started_d": zt3l5pytest-of-unknownpytest-0test_approved_note_enriched_no0cmd_started_d"' did not match any files
  [0/554] A: "C\357\200\272\357\201\234Users\357\201\234bamba\357\201\234AppData\357\201\234Local\357\201\234Temp\357\201\234jarvis-pytest\357\201\234r-7ny0ev6_\357\201\234pytest-of-unknown\357\201\234pytest-0\357\201\234test_wrapped_exec_scopes_expli0\357\201\234snapshot.sh.tmp.XXXXbHBMHl"
  ADD FAILED "C\357\200\272\357\201\234Users\357\201\234bamba\357\201\234AppData\357\201\234Local\357\201\234Temp\357\201\234jarvis-pytest\357\201\234r-7ny0ev6_\357\201\234pytest-of-unknown\357\201\234pytest-0\357\201\234test_wrapped_exec_scopes_expli0\357\201\234snapshot.sh.tmp.XXXXbHBMHl": 1\234test_wrapped_exec_scopes_expli0\357\201\234snapshot.sh.tmp.XXXXbHBMHl"' did not match any files
  [0/554] A: "C\357\200\272\357\201\234Users\357\201\234bamba\357\201\234AppData\357\201\234Local\357\201\234Temp\357\201\234jarvis-pytest\357\201\234r-_8ttujzb\357\201\234pytest-of-unknown\357\201\234pytest-0\357\201\234test_wrapped_exec_scopes_expli0\357\201\234snapshot.sh.tmp.XXXXLmkeAc"
  ADD FAILED "C\357\200\272\357\201\234Users\357\201\234bamba\357\201\234AppData\357\201\234Local\357\201\234Temp\357\201\234jarvis-pytest\357\201\234r-_8ttujzb\357\201\234pytest-of-unknown\357\201\234pytest-0\357\201\234test_wrapped_exec_scopes_expli0\357\201\234snapshot.sh.tmp.XXXXLmkeAc": 1\234test_wrapped_exec_scopes_expli0\357\201\234snapshot.sh.tmp.XXXXLmkeAc"' did not match any files
  [0/554] A: "C\357\200\272\357\201\234Users\357\201\234bamba\357\201\234AppData\357\201\234Local\357\201\234Temp\357\201\234jarvis-pytest\357\201\234r-nl1d7pum\357\201\234pytest-of-unknown\357\201\234pytest-0\357\201\234test_wrapped_exec_scopes_expli0\357\201\234snapshot.sh.tmp.XXXXDODFpA"
  ADD FAILED "C\357\200\272\357\201\234Users\357\201\234bamba\357\201\234AppData\357\201\234Local\357\201\234Temp\357\201\234jarvis-pytest\357\201\234r-nl1d7pum\357\201\234pytest-of-unknown\357\201\234pytest-0\357\201\234test_wrapped_exec_scopes_expli0\357\201\234snapshot.sh.tmp.XXXXDODFpA": 1\234test_wrapped_exec_scopes_expli0\357\201\234snapshot.sh.tmp.XXXXDODFpA"' did not match any files
  [0/554] A: "C\357\200\272\357\201\234Users\357\201\234bamba\357\201\234AppData\357\201\234Local\357\201\234Temp\357\201\234jarvis-pytest\357\201\234r-rbub1q2u\357\201\234pytest-of-unknown\357\201\234pytest-0\357\201\234test_normal_content_unchanged0\357\201\234out.bin"
  ADD FAILED "C\357\200\272\357\201\234Users\357\201\234bamba\357\201\234AppData\357\201\234Local\357\201\234Temp\357\201\234jarvis-pytest\357\201\234r-rbub1q2u\357\201\234pytest-of-unknown\357\201\234pytest-0\357\201\234test_normal_content_unchanged0\357\201\234out.bin": 1\234pytest-0\357\201\234test_normal_content_unchanged0\357\201\234out.bin"' did not match any files
  [0/554] A: "C\357\200\272\357\201\234Users\357\201\234bamba\357\201\234AppData\357\201\234Local\357\201\234Temp\357\201\234jarvis-pytest\357\201\234r-rbub1q2u\357\201\234pytest-of-unknown\357\201\234pytest-0\357\201\234test_roundtrips_surrogateescap0\357\201\234out.bin"
  ADD FAILED "C\357\200\272\357\201\234Users\357\201\234bamba\357\201\234AppData\357\201\234Local\357\201\234Temp\357\201\234jarvis-pytest\357\201\234r-rbub1q2u\357\201\234pytest-of-unknown\357\201\234pytest-0\357\201\234test_roundtrips_surrogateescap0\357\201\234out.bin": \234pytest-0\357\201\234test_roundtrips_surrogateescap0\357\201\234out.bin"' did not match any files
  [0/554] A: "C\357\200\272\357\201\234Users\357\201\234bamba\357\201\234AppData\357\201\234Local\357\201\234Temp\357\201\234jarvis-pytest\357\201\234r-tv0j274d\357\201\234pytest-of-unknown\357\201\234pytest-0\357\201\234test_wrapped_exec_scopes_expli0\357\201\234snapshot.sh.tmp.XXXXkMmbNm"
  ADD FAILED "C\357\200\272\357\201\234Users\357\201\234bamba\357\201\234AppData\357\201\234Local\357\201\234Temp\357\201\234jarvis-pytest\357\201\234r-tv0j274d\357\201\234pytest-of-unknown\357\201\234pytest-0\357\201\234test_wrapped_exec_scopes_expli0\357\201\234snapshot.sh.tmp.XXXXkMmbNm": 1\234test_wrapped_exec_scopes_expli0\357\201\234snapshot.sh.tmp.XXXXkMmbNm"' did not match any files
  [0/554] A: "C\357\200\272\357\201\234Users\357\201\234bamba\357\201\234AppData\357\201\234Local\357\201\234Temp\357\201\234jarvis-pytest\357\201\234r-w7xh8ila\357\201\234pytest-of-unknown\357\201\234pytest-0\357\201\234test_bytes_input_passes_throug0\357\201\234out.bin"
  ADD FAILED "C\357\200\272\357\201\234Users\357\201\234bamba\357\201\234AppData\357\201\234Local\357\201\234Temp\357\201\234jarvis-pytest\357\201\234r-w7xh8ila\357\201\234pytest-of-unknown\357\201\234pytest-0\357\201\234test_bytes_input_passes_throug0\357\201\234out.bin": \234pytest-0\357\201\234test_bytes_input_passes_throug0\357\201\234out.bin"' did not match any files
  [0/554] A: "C\357\200\272\357\201\234Users\357\201\234bamba\357\201\234AppData\357\201\234Local\357\201\234Temp\357\201\234jarvis-pytest\357\201\234r-w7xh8ila\357\201\234pytest-of-unknown\357\201\234pytest-0\357\201\234test_roundtrips_surrogateescap0\357\201\234out.bin"
  ADD FAILED "C\357\200\272\357\201\234Users\357\201\234bamba\357\201\234AppData\357\201\234Local\357\201\234Temp\357\201\234jarvis-pytest\357\201\234r-w7xh8ila\357\201\234pytest-of-unknown\357\201\234pytest-0\357\201\234test_roundtrips_surrogateescap0\357\201\234out.bin": \234pytest-0\357\201\234test_roundtrips_surrogateescap0\357\201\234out.bin"' did not match any files
  [0/554] A: "C\357\200\272\357\201\234Users\357\201\234bamba\357\201\234AppData\357\201\234Local\357\201\234Temp\357\201\234jarvis-pytest\357\201\234r-w7xh8ila\357\201\234pytest-of-unknown\357\201\234pytest-0\357\201\234test_unencodable_surrogate_cap0\357\201\234out.bin"
  ADD FAILED "C\357\200\272\357\201\234Users\357\201\234bamba\357\201\234AppData\357\201\234Local\357\201\234Temp\357\201\234jarvis-pytest\357\201\234r-w7xh8ila\357\201\234pytest-of-unknown\357\201\234pytest-0\357\201\234test_unencodable_surrogate_cap0\357\201\234out.bin": \234pytest-0\357\201\234test_unencodable_surrogate_cap0\357\201\234out.bin"' did not match any files

=== Phase 3: Modifications ===
  [0/554] M: scripts/commit_progress.log
